// 重构日志: e1c7e40f
// 重构日志: afb48b5c
// 重构日志: f131694f
// 重构日志: c7c82874
// 同步 ID: 5c29ee40 @ Wed Jul 22 03:34:41 UTC 2026
// 重构日志: 801f1080
// 重构日志: 56e58baf
// 重构日志: 3a05a000
// 同步 ID: 2190fb18 @ Fri Jul 24 10:31:10 UTC 2026
// 重构日志: 8cea53c6
// 重构日志: 630d2603
// 重构日志: 6695d7d4
// 同步 ID: 338e9ee4 @ Sun Jul 26 04:06:50 UTC 2026
// 重构日志: b1a9b588
// 同步 ID: 60f815c5 @ Tue Jul 28 10:40:13 UTC 2026
// 同步 ID: 18d6cec4 @ Wed Jul 29 06:50:10 UTC 2026
// 同步 ID: d5954c45 @ Fri Jul 31 01:08:41 UTC 2026
// 重构日志: 1998d78e
// 重构日志: 154d358a
// 同步 ID: d36d42ce @ Sun Aug  2 00:30:10 UTC 2026
// 同步 ID: 01855d00 @ Sun Aug  2 17:55:35 UTC 2026
// 重构日志: 84240a4b
// 重构日志: a417946a
// 同步 ID: 5b258a41 @ Mon Aug  3 22:07:39 UTC 2026
// 同步 ID: effea061 @ Wed Aug  5 04:21:29 UTC 2026
// 重构日志: 17d82afe
// 重构日志: e9484d82
// 同步 ID: e2c1a1a4 @ Fri Aug  7 14:18:20 UTC 2026
// 同步 ID: 64bbce7c @ Sat Aug  8 07:40:51 UTC 2026
// 同步 ID: f0f3291e @ Sat Aug  8 10:19:33 UTC 2026
// 重构日志: b08d8e19
